<html>
<body>
<pre>
<h1>µVision Build Log</h1>
<h2>Tool Versions:</h2>
IDE-Version: ¦ÌVision V5.36.0.0
Copyright (C) 2021 ARM Ltd and ARM Germany GmbH. All rights reserved.
License Information: a 2208590409@qq.com, a, LIC=LMZAK-IBEQG-MCMJ1-Q6WL6-K0DQJ-A0N6D
 
Tool Versions:
Toolchain:       MDK-ARM Community  Version: 5.36.0.0
Toolchain Path:  D:\Keil_v5\ARM\ARMCLANG\Bin
C Compiler:      ArmClang.exe V6.16
Assembler:       Armasm.exe V6.16
Linker/Locator:  ArmLink.exe V6.16
Library Manager: ArmAr.exe V6.16
Hex Converter:   FromElf.exe V6.16
CPU DLL:         SARMCM3.DLL V5.36.0.0
Dialog DLL:      DCM.DLL V1.17.3.0
Target DLL:      CMSIS_AGDI.dll V1.33.0.0
Dialog DLL:      TCM.DLL V1.53.0.0
 
<h2>Project:</h2>
C:\Users\22085\Desktop\DXQ5\DXQ5\DXQ2025\DXQ2025\MDK-ARM\DXQ2025.uvprojx
Project File Date:  07/05/2025

<h2>Output:</h2>
*** Using Compiler 'V6.16', folder: 'D:\Keil_v5\ARM\ARMCLANG\Bin'
Rebuild target 'DXQ2025'
compiling adc.c...
compiling usart.c...
compiling tim.c...
compiling freertos.c...
assembling startup_stm32f407xx.s...
compiling dma.c...
compiling gpio.c...
compiling sdio.c...
compiling stm32f4xx_it.c...
compiling i2c.c...
compiling stm32f4xx_hal_msp.c...
compiling dac.c...
compiling main.c...
compiling rtc.c...
compiling spi.c...
compiling stm32f4xx_hal_timebase_tim.c...
compiling bsp_driver_sd.c...
compiling sd_diskio.c...
compiling usbh_diskio.c...
compiling user_diskio.c...
compiling fatfs.c...
compiling usb_host.c...
compiling usbh_conf.c...
compiling stm32f4xx_hal_tim_ex.c...
compiling stm32f4xx_hal_hcd.c...
compiling stm32f4xx_hal_rcc.c...
compiling stm32f4xx_hal_rcc_ex.c...
compiling stm32f4xx_ll_usb.c...
compiling stm32f4xx_hal_flash.c...
compiling stm32f4xx_hal_tim.c...
compiling stm32f4xx_hal_flash_ramfunc.c...
compiling stm32f4xx_hal_flash_ex.c...
compiling stm32f4xx_hal_gpio.c...
compiling stm32f4xx_hal_dma.c...
compiling stm32f4xx_hal_dma_ex.c...
compiling stm32f4xx_hal_pwr.c...
compiling stm32f4xx_hal_pwr_ex.c...
compiling stm32f4xx_hal_cortex.c...
compiling stm32f4xx_hal.c...
compiling stm32f4xx_hal_exti.c...
compiling stm32f4xx_ll_adc.c...
compiling stm32f4xx_hal_adc.c...
compiling stm32f4xx_hal_adc_ex.c...
compiling stm32f4xx_hal_dac_ex.c...
compiling stm32f4xx_hal_dac.c...
compiling stm32f4xx_hal_i2c_ex.c...
compiling stm32f4xx_hal_mmc.c...
compiling stm32f4xx_hal_rtc.c...
compiling stm32f4xx_ll_sdmmc.c...
compiling stm32f4xx_hal_rtc_ex.c...
compiling stm32f4xx_hal_sd.c...
compiling stm32f4xx_hal_spi.c...
compiling system_stm32f4xx.c...
compiling stm32f4xx_hal_i2c.c...
compiling stm32f4xx_hal_uart.c...
compiling diskio.c...
compiling ff_gen_drv.c...
compiling ff.c...
compiling croutine.c...
compiling event_groups.c...
compiling syscall.c...
compiling list.c...
compiling stream_buffer.c...
compiling queue.c...
compiling timers.c...
compiling heap_4.c...
compiling tasks.c...
compiling port.c...
compiling cmsis_os2.c...
compiling usbh_core.c...
compiling usbh_ctlreq.c...
compiling usbh_ioreq.c...
compiling usbh_pipes.c...
compiling usbh_msc.c...
compiling F08_ASCII.c...
compiling usbh_msc_bot.c...
compiling usbh_msc_scsi.c...
compiling ssd1306.c...
compiling ssd1306_i2c.c...
compiling SimSun_16.c...
compiling GUISlim.c...
compiling DS_18B20.c...
compiling max9814.c...
compiling SimSun_12.c...
compiling SimSun_20.c...
compiling SimSun_24.c...
compiling IMG1.c...
compiling SimSun_48.c...
compiling SimSun_32.c...
compiling ui_start.c...
compiling ui_main.c...
compiling ui_set_para.c...
compiling IMG.c...
compiling ui_record.c...
compiling ui_set_time.c...
compiling spwm_led.c...
compiling w25qxx.c...
compiling beep.c...
linking...
Program Size: Code=128540 RO-data=34552 RW-data=620 ZI-data=107548  
FromELF: creating hex file...
"DXQ2025\DXQ2025.axf" - 0 Error(s), 0 Warning(s).

<h2>Software Packages used:</h2>

Package Vendor: ARM
                http://www.keil.com/pack/ARM.CMSIS.5.8.0.pack
                ARM.CMSIS.5.8.0
                CMSIS (Common Microcontroller Software Interface Standard)
   * Component: CORE Version: 5.5.0

Package Vendor: Keil
                https://www.keil.com/pack/Keil.STM32F4xx_DFP.2.17.1.pack
                Keil.STM32F4xx_DFP.2.17.1
                STMicroelectronics STM32F4 Series Device Support, Drivers and Examples

<h2>Collection of Component include folders:</h2>
  .\RTE\_DXQ2025
  D:\Arm\Packs\ARM\CMSIS\5.8.0\CMSIS\Core\Include
  D:\Arm\Packs\Keil\STM32F4xx_DFP\2.17.1\Drivers\CMSIS\Device\ST\STM32F4xx\Include

<h2>Collection of Component Files used:</h2>

   * Component: ARM::CMSIS:CORE:5.5.0
      Include file:  CMSIS\Core\Include\tz_context.h
Build Time Elapsed:  00:00:11
</pre>
</body>
</html>
